☼ ☼ ☼ ☼ ☼ ☼ ☼ ☼ ʘ ☼ ☼ ☼ ☼ ☼ ☼ ☼ ☼ ☼ ☼ ☼ ☼ ☼ ☼ ☼ ☼ ☼ ☼ ʘ ☼ ☼ ☼ ☼ ☼ ☼
☼   ¿         ¿         ¿                 ¿         ¿         ¿   ☼
☼                                                                 ☼
☼     ╬ ╬ ╬     ╬ ╬ ╬     ╬ ╬ ╬     ╬ ╬ ╬     ╬ ╬ ╬     ╬ ╬ ╬     ☼
☼     ╬ ╬ ╬     ╬ ╬ ╬     ╬ ╬ ╬     ╬ ╬ ╬     ╬ ╬ ╬     ╬ ╬ ╬     ☼
☼     ╬ ╬ ╬     ╬ ╬ ╬     ╬ ╬ ╬ ☼   ╬ ╬ ╬     ╬ ╬ ╬     ╬ ╬ ╬     ☼
☼     ╬ ╬ ╬     ╬ ╬ ╬     ╬ ╬ ╬ ☼   ╬ ╬ ╬     ╬ ╬ ╬     ╬ ╬ ╬     ☼
ʘ     ╬ ╬ ╬     ╬ ╬ ╬     ╬ ╬ ╬ ☼ ☼ ╬ ╬ ╬     ╬ ╬ ╬     ╬ ╬ ╬     ʘ
☼     ╬ ╬ ╬     ╬ ╬ ╬     ╬ ╬ ╬ ☼ ☼ ╬ ╬ ╬     ╬ ╬ ╬     ╬ ╬ ╬     ☼
☼     ╬ ╬ ╬     ╬ ╬ ╬     ╬ ╬ ╬     ╬ ╬ ╬     ╬ ╬ ╬     ╬ ╬ ╬     ☼
☼     ╬ ╬ ╬     ╬ ╬ ╬     ╬ ╬ ╬     ╬ ╬ ╬     ╬ ╬ ╬     ╬ ╬ ╬     ☼
☼     ╬ ╬ ╬     ╬ ╬ ╬                         ╬ ╬ ╬     ╬ ╬ ╬     ☼
☼     ╬ ╬ ╬     ╬ ╬ ╬                         ╬ ╬ ╬     ╬ ╬ ╬     ☼
☼                         ╬ ╬ ╬     ╬ ╬ ╬                         ☼
☼                         ╬ ╬ ╬     ╬ ╬ ╬                         ☼
☼           ╬ ╬ ╬ ╬ ╬     ╬ ╬ ╬     ╬ ╬ ╬     ╬ ╬ ╬ ╬ ╬           ☼
☼ ☼ ☼       ╬ ╬ ╬ ╬ ╬                         ╬ ╬ ╬ ╬ ╬       ☼ ☼ ☼
☼                                       ͱ ͱ ͱ ͱ                   ☼
☼                         ╬ ╬ ╬     ╬ ╬ ╬                         ☼
☼     ╬ ╬ ╬     ╬ ╬ ╬     ╬ ╬ ╬     ╬ ╬ ╬     ╬ ╬ ╬     ╬ ╬ ╬     ☼
☼     ╬ ╬ ╬     ╬ ╬ ╬     ╬ ╬ ╬     ╬ ╬ ╬     ╬ ╬ ╬     ╬ ╬ ╬     ☼
☼     ╬ ╬ ╬     ╬ ╬ ╬     ╬ ╬ ╬ ╬ ╬ ╬ ╬ ╬     ╬ ╬ ╬     ╬ ╬ ╬     ☼
☼     ╬ ╬ ╬     ╬ ╬ ╬     ╬ ╬ ╬ ╬ ╬ ╬ ╬ ╬     ╬ ╬ ╬     ╬ ╬ ╬     ☼
☼     ╬ ╬ ╬     ╬ ╬ ╬     ╬ ╬ ╬     ╬ ╬ ╬     ╬ ╬ ╬     ╬ ╬ ╬     ☼
☼     ╬ ╬ ╬     ╬ ╬ ╬     ╬ ╬ ╬     ╬ ╬ ╬     ╬ ╬ ╬     ╬ ╬ ╬     ☼
☼     ╬ ╬ ╬     ╬ ╬ ╬     ╬ ╬ ╬     ╬ ╬ ╬     ╬ ╬ ╬     ╬ ╬ ╬     ☼
☼     ╬ ╬ ╬     ╬ ╬ ╬     ╬ ╬ ╬     ╬ ╬ ╬     ╬ ╬ ╬     ╬ ╬ ╬     ☼
☼     ╬ ╬ ╬                                             ╬ ╬ ╬     ☼
☼     ╬ ╬ ╬                                             ╬ ╬ ╬     ☼
☼     ╬ ╬ ╬               ╬ ╬ ╬ ╬ ╬ ╬ ╬ ╬               ╬ ╬ ╬     ☼
☼     ╬ ╬ ╬               ╬ ╬ ╬ ╬ ╬ ╬ ╬ ╬               ╬ ╬ ╬     ☼
ʘ                         ╬ ╬         ╬ ╬                         ʘ
☼                         ╬ ╬         ╬ ╬                         ☼
☼ ☼ ☼ ☼ ☼ ☼ ☼ ☼ ʘ ☼ ☼ ☼ ☼ ☼ ☼ ☼ ☼ ☼ ☼ ☼ ☼ ☼ ☼ ☼ ☼ ☼ ☼ ʘ ☼ ☼ ☼ ☼ ☼ ☼
